// Jest Snapshot v1, https://goo.gl/fbAQLP

exports[`SimpleComp tests SimpleComp snapshot 1`] = `
<div>
  <div
    style="background-color: pink; padding: 5px;"
  >
    <h2>
      Simple Component
    </h2>
    <h3>
       
      hello world
       
    </h3>
  </div>
</div>
`;
